    1 N..... USE_LENGTH_UNITS(CANON_UNITS_MM)
    2 N..... SET_G5X_OFFSET(1, 0.0000, 0.0000, 0.0000, 0.0000, 0.0000, 0.0000)
    3 N..... SET_G92_OFFSET(0.0000, 0.0000, 0.0000, 0.0000, 0.0000, 0.0000)
    4 N..... SET_XY_ROTATION(0.0000)
    5 N..... SET_FEED_REFERENCE(CANON_XYZ)
    6 N..... ON_RESET()
    7 N..... USE_LENGTH_UNITS(CANON_UNITS_INCHES)
    8 N..... SET_FEED_RATE(1.0000)
    9 N..... STRAIGHT_TRAVERSE(0.0000, 0.0000, 0.0000, 0.0000, 0.0000, 0.0000)
   10 N..... ARC_FEED(600.0000, 0.0000, 300.1400, 0.0000, -1, 0.0000, 0.0000, 0.0000, 0.0000)
   11 N..... SET_G5X_OFFSET(1, 0.0000, 0.0000, 0.0000, 0.0000, 0.0000, 0.0000)
   12 N..... SET_XY_ROTATION(0.0000)
   13 N..... SET_FEED_MODE(0, 0)
   14 N..... SET_FEED_RATE(0.0000)
   15 N..... STOP_SPINDLE_TURNING(0)
   16 N..... SET_SPINDLE_MODE(0 0.0000)
   17 N..... PROGRAM_END()
   18 N..... ON_RESET()
   19 N..... ON_RESET()
